// Jest Snapshot v1, https://goo.gl/fbAQLP

exports[`renders Authorisation component 1`] = `
ShallowWrapper {
  "length": 1,
  Symbol(enzyme.__root__): [Circular],
  Symbol(enzyme.__unrendered__): <Authorisation
    goToPetitionSummary={[Function]}
    petitionLink={undefined}
    walletId="my-id"
  />,
  Symbol(enzyme.__renderer__): Object {
    "batchedUpdates": [Function],
    "getNode": [Function],
    "render": [Function],
    "simulateEvent": [Function],
    "unmount": [Function],
  },
  Symbol(enzyme.__node__): Object {
    "instance": null,
    "key": undefined,
    "nodeType": "class",
    "props": Object {
      "children": Array [
        <View
          style={
            Object {
              "alignSelf": "stretch",
              "backgroundColor": "#FFF",
              "margin": 16,
              "marginTop": 50,
              "paddingHorizontal": 20,
              "paddingVertical": 40,
            }
          }
        >
          <Text
            accessible={true}
            allowFontScaling={true}
            ellipsizeMode="tail"
            style={
              Object {
                "alignSelf": "center",
                "color": "rgb(203,73,45)",
                "fontFamily": "Lato-Bold",
                "fontSize": 25,
                "marginBottom": 40,
              }
            }
          >
            SECURE PETITIONS
          </Text>
          <Text
            accessible={true}
            allowFontScaling={true}
            ellipsizeMode="tail"
            style={
              Object {
                "marginBottom": 30,
                "paddingHorizontal": 10,
                "textAlign": "center",
              }
            }
          >
            would like to connect with your DECODE wallet
          </Text>
          <TouchableOpacity
            activeOpacity={0.2}
            onPress={[Function]}
            style={
              Object {
                "alignSelf": "center",
                "backgroundColor": "rgb(0,163,158)",
                "borderRadius": 2,
                "elevation": 2,
                "height": 36,
                "paddingHorizontal": 16,
                "paddingVertical": 8,
                "shadowColor": "rgba(0, 0, 0, 0.54)",
                "shadowOffset": Object {
                  "height": 2,
                  "width": 0,
                },
                "shadowOpacity": 0.8,
                "shadowRadius": 2,
                "width": 250,
              }
            }
          >
            <Text
              accessible={true}
              allowFontScaling={true}
              ellipsizeMode="tail"
              style={
                Object {
                  "alignSelf": "center",
                  "color": "#FFF",
                  "fontSize": 14,
                  "fontWeight": "500",
                }
              }
            >
              AUTHORISE
            </Text>
          </TouchableOpacity>
        </View>,
        <Text
          accessible={true}
          allowFontScaling={true}
          ellipsizeMode="tail"
          style={
            Object {
              "alignSelf": "center",
              "color": "grey",
              "fontSize": 10,
              "marginBottom": 16,
            }
          }
        >
          Wallet ID: 
          my-id
        </Text>,
      ],
      "style": Object {
        "backgroundColor": "rgb(246, 246, 246)",
        "flex": 1,
        "justifyContent": "space-between",
      },
    },
    "ref": null,
    "rendered": Array [
      Object {
        "instance": null,
        "key": undefined,
        "nodeType": "class",
        "props": Object {
          "children": Array [
            <Text
              accessible={true}
              allowFontScaling={true}
              ellipsizeMode="tail"
              style={
                Object {
                  "alignSelf": "center",
                  "color": "rgb(203,73,45)",
                  "fontFamily": "Lato-Bold",
                  "fontSize": 25,
                  "marginBottom": 40,
                }
              }
            >
              SECURE PETITIONS
            </Text>,
            <Text
              accessible={true}
              allowFontScaling={true}
              ellipsizeMode="tail"
              style={
                Object {
                  "marginBottom": 30,
                  "paddingHorizontal": 10,
                  "textAlign": "center",
                }
              }
            >
              would like to connect with your DECODE wallet
            </Text>,
            <TouchableOpacity
              activeOpacity={0.2}
              onPress={[Function]}
              style={
                Object {
                  "alignSelf": "center",
                  "backgroundColor": "rgb(0,163,158)",
                  "borderRadius": 2,
                  "elevation": 2,
                  "height": 36,
                  "paddingHorizontal": 16,
                  "paddingVertical": 8,
                  "shadowColor": "rgba(0, 0, 0, 0.54)",
                  "shadowOffset": Object {
                    "height": 2,
                    "width": 0,
                  },
                  "shadowOpacity": 0.8,
                  "shadowRadius": 2,
                  "width": 250,
                }
              }
            >
              <Text
                accessible={true}
                allowFontScaling={true}
                ellipsizeMode="tail"
                style={
                  Object {
                    "alignSelf": "center",
                    "color": "#FFF",
                    "fontSize": 14,
                    "fontWeight": "500",
                  }
                }
              >
                AUTHORISE
              </Text>
            </TouchableOpacity>,
          ],
          "style": Object {
            "alignSelf": "stretch",
            "backgroundColor": "#FFF",
            "margin": 16,
            "marginTop": 50,
            "paddingHorizontal": 20,
            "paddingVertical": 40,
          },
        },
        "ref": null,
        "rendered": Array [
          Object {
            "instance": null,
            "key": undefined,
            "nodeType": "class",
            "props": Object {
              "accessible": true,
              "allowFontScaling": true,
              "children": "SECURE PETITIONS",
              "ellipsizeMode": "tail",
              "style": Object {
                "alignSelf": "center",
                "color": "rgb(203,73,45)",
                "fontFamily": "Lato-Bold",
                "fontSize": 25,
                "marginBottom": 40,
              },
            },
            "ref": null,
            "rendered": "SECURE PETITIONS",
            "type": [Function],
          },
          Object {
            "instance": null,
            "key": undefined,
            "nodeType": "class",
            "props": Object {
              "accessible": true,
              "allowFontScaling": true,
              "children": "would like to connect with your DECODE wallet",
              "ellipsizeMode": "tail",
              "style": Object {
                "marginBottom": 30,
                "paddingHorizontal": 10,
                "textAlign": "center",
              },
            },
            "ref": null,
            "rendered": "would like to connect with your DECODE wallet",
            "type": [Function],
          },
          Object {
            "instance": null,
            "key": undefined,
            "nodeType": "class",
            "props": Object {
              "activeOpacity": 0.2,
              "children": <Text
                accessible={true}
                allowFontScaling={true}
                ellipsizeMode="tail"
                style={
                  Object {
                    "alignSelf": "center",
                    "color": "#FFF",
                    "fontSize": 14,
                    "fontWeight": "500",
                  }
                }
              >
                AUTHORISE
              </Text>,
              "onPress": [Function],
              "style": Object {
                "alignSelf": "center",
                "backgroundColor": "rgb(0,163,158)",
                "borderRadius": 2,
                "elevation": 2,
                "height": 36,
                "paddingHorizontal": 16,
                "paddingVertical": 8,
                "shadowColor": "rgba(0, 0, 0, 0.54)",
                "shadowOffset": Object {
                  "height": 2,
                  "width": 0,
                },
                "shadowOpacity": 0.8,
                "shadowRadius": 2,
                "width": 250,
              },
            },
            "ref": null,
            "rendered": Object {
              "instance": null,
              "key": undefined,
              "nodeType": "class",
              "props": Object {
                "accessible": true,
                "allowFontScaling": true,
                "children": "AUTHORISE",
                "ellipsizeMode": "tail",
                "style": Object {
                  "alignSelf": "center",
                  "color": "#FFF",
                  "fontSize": 14,
                  "fontWeight": "500",
                },
              },
              "ref": null,
              "rendered": "AUTHORISE",
              "type": [Function],
            },
            "type": [Function],
          },
        ],
        "type": [Function],
      },
      Object {
        "instance": null,
        "key": undefined,
        "nodeType": "class",
        "props": Object {
          "accessible": true,
          "allowFontScaling": true,
          "children": Array [
            "Wallet ID: ",
            "my-id",
          ],
          "ellipsizeMode": "tail",
          "style": Object {
            "alignSelf": "center",
            "color": "grey",
            "fontSize": 10,
            "marginBottom": 16,
          },
        },
        "ref": null,
        "rendered": Array [
          "Wallet ID: ",
          "my-id",
        ],
        "type": [Function],
      },
    ],
    "type": [Function],
  },
  Symbol(enzyme.__nodes__): Array [
    Object {
      "instance": null,
      "key": undefined,
      "nodeType": "class",
      "props": Object {
        "children": Array [
          <View
            style={
              Object {
                "alignSelf": "stretch",
                "backgroundColor": "#FFF",
                "margin": 16,
                "marginTop": 50,
                "paddingHorizontal": 20,
                "paddingVertical": 40,
              }
            }
          >
            <Text
              accessible={true}
              allowFontScaling={true}
              ellipsizeMode="tail"
              style={
                Object {
                  "alignSelf": "center",
                  "color": "rgb(203,73,45)",
                  "fontFamily": "Lato-Bold",
                  "fontSize": 25,
                  "marginBottom": 40,
                }
              }
            >
              SECURE PETITIONS
            </Text>
            <Text
              accessible={true}
              allowFontScaling={true}
              ellipsizeMode="tail"
              style={
                Object {
                  "marginBottom": 30,
                  "paddingHorizontal": 10,
                  "textAlign": "center",
                }
              }
            >
              would like to connect with your DECODE wallet
            </Text>
            <TouchableOpacity
              activeOpacity={0.2}
              onPress={[Function]}
              style={
                Object {
                  "alignSelf": "center",
                  "backgroundColor": "rgb(0,163,158)",
                  "borderRadius": 2,
                  "elevation": 2,
                  "height": 36,
                  "paddingHorizontal": 16,
                  "paddingVertical": 8,
                  "shadowColor": "rgba(0, 0, 0, 0.54)",
                  "shadowOffset": Object {
                    "height": 2,
                    "width": 0,
                  },
                  "shadowOpacity": 0.8,
                  "shadowRadius": 2,
                  "width": 250,
                }
              }
            >
              <Text
                accessible={true}
                allowFontScaling={true}
                ellipsizeMode="tail"
                style={
                  Object {
                    "alignSelf": "center",
                    "color": "#FFF",
                    "fontSize": 14,
                    "fontWeight": "500",
                  }
                }
              >
                AUTHORISE
              </Text>
            </TouchableOpacity>
          </View>,
          <Text
            accessible={true}
            allowFontScaling={true}
            ellipsizeMode="tail"
            style={
              Object {
                "alignSelf": "center",
                "color": "grey",
                "fontSize": 10,
                "marginBottom": 16,
              }
            }
          >
            Wallet ID: 
            my-id
          </Text>,
        ],
        "style": Object {
          "backgroundColor": "rgb(246, 246, 246)",
          "flex": 1,
          "justifyContent": "space-between",
        },
      },
      "ref": null,
      "rendered": Array [
        Object {
          "instance": null,
          "key": undefined,
          "nodeType": "class",
          "props": Object {
            "children": Array [
              <Text
                accessible={true}
                allowFontScaling={true}
                ellipsizeMode="tail"
                style={
                  Object {
                    "alignSelf": "center",
                    "color": "rgb(203,73,45)",
                    "fontFamily": "Lato-Bold",
                    "fontSize": 25,
                    "marginBottom": 40,
                  }
                }
              >
                SECURE PETITIONS
              </Text>,
              <Text
                accessible={true}
                allowFontScaling={true}
                ellipsizeMode="tail"
                style={
                  Object {
                    "marginBottom": 30,
                    "paddingHorizontal": 10,
                    "textAlign": "center",
                  }
                }
              >
                would like to connect with your DECODE wallet
              </Text>,
              <TouchableOpacity
                activeOpacity={0.2}
                onPress={[Function]}
                style={
                  Object {
                    "alignSelf": "center",
                    "backgroundColor": "rgb(0,163,158)",
                    "borderRadius": 2,
                    "elevation": 2,
                    "height": 36,
                    "paddingHorizontal": 16,
                    "paddingVertical": 8,
                    "shadowColor": "rgba(0, 0, 0, 0.54)",
                    "shadowOffset": Object {
                      "height": 2,
                      "width": 0,
                    },
                    "shadowOpacity": 0.8,
                    "shadowRadius": 2,
                    "width": 250,
                  }
                }
              >
                <Text
                  accessible={true}
                  allowFontScaling={true}
                  ellipsizeMode="tail"
                  style={
                    Object {
                      "alignSelf": "center",
                      "color": "#FFF",
                      "fontSize": 14,
                      "fontWeight": "500",
                    }
                  }
                >
                  AUTHORISE
                </Text>
              </TouchableOpacity>,
            ],
            "style": Object {
              "alignSelf": "stretch",
              "backgroundColor": "#FFF",
              "margin": 16,
              "marginTop": 50,
              "paddingHorizontal": 20,
              "paddingVertical": 40,
            },
          },
          "ref": null,
          "rendered": Array [
            Object {
              "instance": null,
              "key": undefined,
              "nodeType": "class",
              "props": Object {
                "accessible": true,
                "allowFontScaling": true,
                "children": "SECURE PETITIONS",
                "ellipsizeMode": "tail",
                "style": Object {
                  "alignSelf": "center",
                  "color": "rgb(203,73,45)",
                  "fontFamily": "Lato-Bold",
                  "fontSize": 25,
                  "marginBottom": 40,
                },
              },
              "ref": null,
              "rendered": "SECURE PETITIONS",
              "type": [Function],
            },
            Object {
              "instance": null,
              "key": undefined,
              "nodeType": "class",
              "props": Object {
                "accessible": true,
                "allowFontScaling": true,
                "children": "would like to connect with your DECODE wallet",
                "ellipsizeMode": "tail",
                "style": Object {
                  "marginBottom": 30,
                  "paddingHorizontal": 10,
                  "textAlign": "center",
                },
              },
              "ref": null,
              "rendered": "would like to connect with your DECODE wallet",
              "type": [Function],
            },
            Object {
              "instance": null,
              "key": undefined,
              "nodeType": "class",
              "props": Object {
                "activeOpacity": 0.2,
                "children": <Text
                  accessible={true}
                  allowFontScaling={true}
                  ellipsizeMode="tail"
                  style={
                    Object {
                      "alignSelf": "center",
                      "color": "#FFF",
                      "fontSize": 14,
                      "fontWeight": "500",
                    }
                  }
                >
                  AUTHORISE
                </Text>,
                "onPress": [Function],
                "style": Object {
                  "alignSelf": "center",
                  "backgroundColor": "rgb(0,163,158)",
                  "borderRadius": 2,
                  "elevation": 2,
                  "height": 36,
                  "paddingHorizontal": 16,
                  "paddingVertical": 8,
                  "shadowColor": "rgba(0, 0, 0, 0.54)",
                  "shadowOffset": Object {
                    "height": 2,
                    "width": 0,
                  },
                  "shadowOpacity": 0.8,
                  "shadowRadius": 2,
                  "width": 250,
                },
              },
              "ref": null,
              "rendered": Object {
                "instance": null,
                "key": undefined,
                "nodeType": "class",
                "props": Object {
                  "accessible": true,
                  "allowFontScaling": true,
                  "children": "AUTHORISE",
                  "ellipsizeMode": "tail",
                  "style": Object {
                    "alignSelf": "center",
                    "color": "#FFF",
                    "fontSize": 14,
                    "fontWeight": "500",
                  },
                },
                "ref": null,
                "rendered": "AUTHORISE",
                "type": [Function],
              },
              "type": [Function],
            },
          ],
          "type": [Function],
        },
        Object {
          "instance": null,
          "key": undefined,
          "nodeType": "class",
          "props": Object {
            "accessible": true,
            "allowFontScaling": true,
            "children": Array [
              "Wallet ID: ",
              "my-id",
            ],
            "ellipsizeMode": "tail",
            "style": Object {
              "alignSelf": "center",
              "color": "grey",
              "fontSize": 10,
              "marginBottom": 16,
            },
          },
          "ref": null,
          "rendered": Array [
            "Wallet ID: ",
            "my-id",
          ],
          "type": [Function],
        },
      ],
      "type": [Function],
    },
  ],
  Symbol(enzyme.__options__): Object {
    "adapter": ReactSixteenAdapter {
      "options": Object {
        "enableComponentDidUpdateOnSetState": true,
      },
    },
    "context": Object {
      "store": Object {
        "clearActions": [Function],
        "dispatch": [Function],
        "getActions": [Function],
        "getState": [Function],
        "replaceReducer": [Function],
        "subscribe": [Function],
      },
    },
  },
}
`;
