// Jest Snapshot v1, https://goo.gl/fbAQLP

exports[`renders PetitionSummarySign component 1`] = `
ShallowWrapper {
  "length": 1,
  Symbol(enzyme.__root__): [Circular],
  Symbol(enzyme.__unrendered__): <PetitionSummarySign
    goToSignConfirmation={[Function]}
    petition={
      Object {
        "id": "1234",
        "isEthereum": "false",
      }
    }
    walletId="my-wallet-id-numbeeeeeeeeeeer"
  />,
  Symbol(enzyme.__renderer__): Object {
    "batchedUpdates": [Function],
    "getNode": [Function],
    "render": [Function],
    "simulateEvent": [Function],
    "unmount": [Function],
  },
  Symbol(enzyme.__node__): Object {
    "instance": null,
    "key": undefined,
    "nodeType": "class",
    "props": Object {
      "children": Array [
        <ScrollViewMock>
          <View
            style={
              Object {
                "flex": 1,
              }
            }
          >
            <Spinner
              animation="none"
              cancelable={false}
              color="white"
              overlayColor="rgba(0, 0, 0, 0.25)"
              size="large"
              textContent=""
              textStyle={
                Object {
                  "color": "#FFF",
                }
              }
              visible={false}
            />
          </View>
          <View
            style={
              Object {
                "alignSelf": "stretch",
                "backgroundColor": "#FFF",
                "margin": 16,
                "padding": 10,
              }
            }
          >
            <Text
              accessible={true}
              allowFontScaling={true}
              ellipsizeMode="tail"
              style={
                Object {
                  "color": "rgba(0, 0, 0, 0.87)",
                  "fontSize": 20,
                  "fontWeight": "500",
                  "marginBottom": 20,
                }
              }
            >
              Universal basic income
            </Text>
            <Text
              accessible={true}
              allowFontScaling={true}
              ellipsizeMode="tail"
              style={
                Object {
                  "color": "rgba(0, 0, 0, 0.87)",
                  "fontSize": 14,
                  "lineHeight": 20,
                  "marginBottom": 15,
                }
              }
            >
              White paper blockchain technology node research and develop. Cryptographic modelling. Availability fairbnb cryptographic modelling data ontology pilot
            </Text>
            <Text
              accessible={true}
              allowFontScaling={true}
              ellipsizeMode="tail"
              style={
                Object {
                  "color": "rgba(0, 0, 0, 0.54)",
                  "fontSize": 12,
                }
              }
            >
              Closing: 28 October 2018
            </Text>
          </View>
          <Text
            accessible={true}
            allowFontScaling={true}
            ellipsizeMode="tail"
            style={
              Object {
                "fontSize": 20,
                "fontWeight": "500",
                "marginBottom": 10,
                "marginLeft": 16,
              }
            }
          >
            Your Information
          </Text>
          <Attribute
            buttonCallback={[Function]}
            isVerified={true}
          />
          <Text
            accessible={true}
            allowFontScaling={true}
            ellipsizeMode="tail"
            style={
              Object {
                "fontSize": 12,
                "marginLeft": 16,
                "marginTop": 10,
              }
            }
          >
            *Required fields
          </Text>
        </ScrollViewMock>,
        <SignButton
          enabled={true}
          onPress={[Function]}
        />,
      ],
      "style": Object {
        "backgroundColor": "rgb(246, 246, 246)",
        "flex": 1,
      },
    },
    "ref": null,
    "rendered": Array [
      Object {
        "instance": null,
        "key": undefined,
        "nodeType": "class",
        "props": Object {
          "children": Array [
            <View
              style={
                Object {
                  "flex": 1,
                }
              }
            >
              <Spinner
                animation="none"
                cancelable={false}
                color="white"
                overlayColor="rgba(0, 0, 0, 0.25)"
                size="large"
                textContent=""
                textStyle={
                  Object {
                    "color": "#FFF",
                  }
                }
                visible={false}
              />
            </View>,
            <View
              style={
                Object {
                  "alignSelf": "stretch",
                  "backgroundColor": "#FFF",
                  "margin": 16,
                  "padding": 10,
                }
              }
            >
              <Text
                accessible={true}
                allowFontScaling={true}
                ellipsizeMode="tail"
                style={
                  Object {
                    "color": "rgba(0, 0, 0, 0.87)",
                    "fontSize": 20,
                    "fontWeight": "500",
                    "marginBottom": 20,
                  }
                }
              >
                Universal basic income
              </Text>
              <Text
                accessible={true}
                allowFontScaling={true}
                ellipsizeMode="tail"
                style={
                  Object {
                    "color": "rgba(0, 0, 0, 0.87)",
                    "fontSize": 14,
                    "lineHeight": 20,
                    "marginBottom": 15,
                  }
                }
              >
                White paper blockchain technology node research and develop. Cryptographic modelling. Availability fairbnb cryptographic modelling data ontology pilot
              </Text>
              <Text
                accessible={true}
                allowFontScaling={true}
                ellipsizeMode="tail"
                style={
                  Object {
                    "color": "rgba(0, 0, 0, 0.54)",
                    "fontSize": 12,
                  }
                }
              >
                Closing: 28 October 2018
              </Text>
            </View>,
            <Text
              accessible={true}
              allowFontScaling={true}
              ellipsizeMode="tail"
              style={
                Object {
                  "fontSize": 20,
                  "fontWeight": "500",
                  "marginBottom": 10,
                  "marginLeft": 16,
                }
              }
            >
              Your Information
            </Text>,
            <Attribute
              buttonCallback={[Function]}
              isVerified={true}
            />,
            <Text
              accessible={true}
              allowFontScaling={true}
              ellipsizeMode="tail"
              style={
                Object {
                  "fontSize": 12,
                  "marginLeft": 16,
                  "marginTop": 10,
                }
              }
            >
              *Required fields
            </Text>,
          ],
        },
        "ref": null,
        "rendered": Array [
          Object {
            "instance": null,
            "key": undefined,
            "nodeType": "class",
            "props": Object {
              "children": <Spinner
                animation="none"
                cancelable={false}
                color="white"
                overlayColor="rgba(0, 0, 0, 0.25)"
                size="large"
                textContent=""
                textStyle={
                  Object {
                    "color": "#FFF",
                  }
                }
                visible={false}
              />,
              "style": Object {
                "flex": 1,
              },
            },
            "ref": null,
            "rendered": Object {
              "instance": null,
              "key": undefined,
              "nodeType": "class",
              "props": Object {
                "animation": "none",
                "cancelable": false,
                "color": "white",
                "overlayColor": "rgba(0, 0, 0, 0.25)",
                "size": "large",
                "textContent": "",
                "textStyle": Object {
                  "color": "#FFF",
                },
                "visible": false,
              },
              "ref": null,
              "rendered": null,
              "type": [Function],
            },
            "type": [Function],
          },
          Object {
            "instance": null,
            "key": undefined,
            "nodeType": "class",
            "props": Object {
              "children": Array [
                <Text
                  accessible={true}
                  allowFontScaling={true}
                  ellipsizeMode="tail"
                  style={
                    Object {
                      "color": "rgba(0, 0, 0, 0.87)",
                      "fontSize": 20,
                      "fontWeight": "500",
                      "marginBottom": 20,
                    }
                  }
                >
                  Universal basic income
                </Text>,
                <Text
                  accessible={true}
                  allowFontScaling={true}
                  ellipsizeMode="tail"
                  style={
                    Object {
                      "color": "rgba(0, 0, 0, 0.87)",
                      "fontSize": 14,
                      "lineHeight": 20,
                      "marginBottom": 15,
                    }
                  }
                >
                  White paper blockchain technology node research and develop. Cryptographic modelling. Availability fairbnb cryptographic modelling data ontology pilot
                </Text>,
                <Text
                  accessible={true}
                  allowFontScaling={true}
                  ellipsizeMode="tail"
                  style={
                    Object {
                      "color": "rgba(0, 0, 0, 0.54)",
                      "fontSize": 12,
                    }
                  }
                >
                  Closing: 28 October 2018
                </Text>,
              ],
              "style": Object {
                "alignSelf": "stretch",
                "backgroundColor": "#FFF",
                "margin": 16,
                "padding": 10,
              },
            },
            "ref": null,
            "rendered": Array [
              Object {
                "instance": null,
                "key": undefined,
                "nodeType": "class",
                "props": Object {
                  "accessible": true,
                  "allowFontScaling": true,
                  "children": "Universal basic income",
                  "ellipsizeMode": "tail",
                  "style": Object {
                    "color": "rgba(0, 0, 0, 0.87)",
                    "fontSize": 20,
                    "fontWeight": "500",
                    "marginBottom": 20,
                  },
                },
                "ref": null,
                "rendered": "Universal basic income",
                "type": [Function],
              },
              Object {
                "instance": null,
                "key": undefined,
                "nodeType": "class",
                "props": Object {
                  "accessible": true,
                  "allowFontScaling": true,
                  "children": "White paper blockchain technology node research and develop. Cryptographic modelling. Availability fairbnb cryptographic modelling data ontology pilot",
                  "ellipsizeMode": "tail",
                  "style": Object {
                    "color": "rgba(0, 0, 0, 0.87)",
                    "fontSize": 14,
                    "lineHeight": 20,
                    "marginBottom": 15,
                  },
                },
                "ref": null,
                "rendered": "White paper blockchain technology node research and develop. Cryptographic modelling. Availability fairbnb cryptographic modelling data ontology pilot",
                "type": [Function],
              },
              Object {
                "instance": null,
                "key": undefined,
                "nodeType": "class",
                "props": Object {
                  "accessible": true,
                  "allowFontScaling": true,
                  "children": "Closing: 28 October 2018",
                  "ellipsizeMode": "tail",
                  "style": Object {
                    "color": "rgba(0, 0, 0, 0.54)",
                    "fontSize": 12,
                  },
                },
                "ref": null,
                "rendered": "Closing: 28 October 2018",
                "type": [Function],
              },
            ],
            "type": [Function],
          },
          Object {
            "instance": null,
            "key": undefined,
            "nodeType": "class",
            "props": Object {
              "accessible": true,
              "allowFontScaling": true,
              "children": "Your Information",
              "ellipsizeMode": "tail",
              "style": Object {
                "fontSize": 20,
                "fontWeight": "500",
                "marginBottom": 10,
                "marginLeft": 16,
              },
            },
            "ref": null,
            "rendered": "Your Information",
            "type": [Function],
          },
          Object {
            "instance": null,
            "key": undefined,
            "nodeType": "class",
            "props": Object {
              "buttonCallback": [Function],
              "isVerified": true,
            },
            "ref": null,
            "rendered": null,
            "type": [Function],
          },
          Object {
            "instance": null,
            "key": undefined,
            "nodeType": "class",
            "props": Object {
              "accessible": true,
              "allowFontScaling": true,
              "children": "*Required fields",
              "ellipsizeMode": "tail",
              "style": Object {
                "fontSize": 12,
                "marginLeft": 16,
                "marginTop": 10,
              },
            },
            "ref": null,
            "rendered": "*Required fields",
            "type": [Function],
          },
        ],
        "type": [Function],
      },
      Object {
        "instance": null,
        "key": undefined,
        "nodeType": "function",
        "props": Object {
          "enabled": true,
          "onPress": [Function],
        },
        "ref": null,
        "rendered": null,
        "type": [Function],
      },
    ],
    "type": [Function],
  },
  Symbol(enzyme.__nodes__): Array [
    Object {
      "instance": null,
      "key": undefined,
      "nodeType": "class",
      "props": Object {
        "children": Array [
          <ScrollViewMock>
            <View
              style={
                Object {
                  "flex": 1,
                }
              }
            >
              <Spinner
                animation="none"
                cancelable={false}
                color="white"
                overlayColor="rgba(0, 0, 0, 0.25)"
                size="large"
                textContent=""
                textStyle={
                  Object {
                    "color": "#FFF",
                  }
                }
                visible={false}
              />
            </View>
            <View
              style={
                Object {
                  "alignSelf": "stretch",
                  "backgroundColor": "#FFF",
                  "margin": 16,
                  "padding": 10,
                }
              }
            >
              <Text
                accessible={true}
                allowFontScaling={true}
                ellipsizeMode="tail"
                style={
                  Object {
                    "color": "rgba(0, 0, 0, 0.87)",
                    "fontSize": 20,
                    "fontWeight": "500",
                    "marginBottom": 20,
                  }
                }
              >
                Universal basic income
              </Text>
              <Text
                accessible={true}
                allowFontScaling={true}
                ellipsizeMode="tail"
                style={
                  Object {
                    "color": "rgba(0, 0, 0, 0.87)",
                    "fontSize": 14,
                    "lineHeight": 20,
                    "marginBottom": 15,
                  }
                }
              >
                White paper blockchain technology node research and develop. Cryptographic modelling. Availability fairbnb cryptographic modelling data ontology pilot
              </Text>
              <Text
                accessible={true}
                allowFontScaling={true}
                ellipsizeMode="tail"
                style={
                  Object {
                    "color": "rgba(0, 0, 0, 0.54)",
                    "fontSize": 12,
                  }
                }
              >
                Closing: 28 October 2018
              </Text>
            </View>
            <Text
              accessible={true}
              allowFontScaling={true}
              ellipsizeMode="tail"
              style={
                Object {
                  "fontSize": 20,
                  "fontWeight": "500",
                  "marginBottom": 10,
                  "marginLeft": 16,
                }
              }
            >
              Your Information
            </Text>
            <Attribute
              buttonCallback={[Function]}
              isVerified={true}
            />
            <Text
              accessible={true}
              allowFontScaling={true}
              ellipsizeMode="tail"
              style={
                Object {
                  "fontSize": 12,
                  "marginLeft": 16,
                  "marginTop": 10,
                }
              }
            >
              *Required fields
            </Text>
          </ScrollViewMock>,
          <SignButton
            enabled={true}
            onPress={[Function]}
          />,
        ],
        "style": Object {
          "backgroundColor": "rgb(246, 246, 246)",
          "flex": 1,
        },
      },
      "ref": null,
      "rendered": Array [
        Object {
          "instance": null,
          "key": undefined,
          "nodeType": "class",
          "props": Object {
            "children": Array [
              <View
                style={
                  Object {
                    "flex": 1,
                  }
                }
              >
                <Spinner
                  animation="none"
                  cancelable={false}
                  color="white"
                  overlayColor="rgba(0, 0, 0, 0.25)"
                  size="large"
                  textContent=""
                  textStyle={
                    Object {
                      "color": "#FFF",
                    }
                  }
                  visible={false}
                />
              </View>,
              <View
                style={
                  Object {
                    "alignSelf": "stretch",
                    "backgroundColor": "#FFF",
                    "margin": 16,
                    "padding": 10,
                  }
                }
              >
                <Text
                  accessible={true}
                  allowFontScaling={true}
                  ellipsizeMode="tail"
                  style={
                    Object {
                      "color": "rgba(0, 0, 0, 0.87)",
                      "fontSize": 20,
                      "fontWeight": "500",
                      "marginBottom": 20,
                    }
                  }
                >
                  Universal basic income
                </Text>
                <Text
                  accessible={true}
                  allowFontScaling={true}
                  ellipsizeMode="tail"
                  style={
                    Object {
                      "color": "rgba(0, 0, 0, 0.87)",
                      "fontSize": 14,
                      "lineHeight": 20,
                      "marginBottom": 15,
                    }
                  }
                >
                  White paper blockchain technology node research and develop. Cryptographic modelling. Availability fairbnb cryptographic modelling data ontology pilot
                </Text>
                <Text
                  accessible={true}
                  allowFontScaling={true}
                  ellipsizeMode="tail"
                  style={
                    Object {
                      "color": "rgba(0, 0, 0, 0.54)",
                      "fontSize": 12,
                    }
                  }
                >
                  Closing: 28 October 2018
                </Text>
              </View>,
              <Text
                accessible={true}
                allowFontScaling={true}
                ellipsizeMode="tail"
                style={
                  Object {
                    "fontSize": 20,
                    "fontWeight": "500",
                    "marginBottom": 10,
                    "marginLeft": 16,
                  }
                }
              >
                Your Information
              </Text>,
              <Attribute
                buttonCallback={[Function]}
                isVerified={true}
              />,
              <Text
                accessible={true}
                allowFontScaling={true}
                ellipsizeMode="tail"
                style={
                  Object {
                    "fontSize": 12,
                    "marginLeft": 16,
                    "marginTop": 10,
                  }
                }
              >
                *Required fields
              </Text>,
            ],
          },
          "ref": null,
          "rendered": Array [
            Object {
              "instance": null,
              "key": undefined,
              "nodeType": "class",
              "props": Object {
                "children": <Spinner
                  animation="none"
                  cancelable={false}
                  color="white"
                  overlayColor="rgba(0, 0, 0, 0.25)"
                  size="large"
                  textContent=""
                  textStyle={
                    Object {
                      "color": "#FFF",
                    }
                  }
                  visible={false}
                />,
                "style": Object {
                  "flex": 1,
                },
              },
              "ref": null,
              "rendered": Object {
                "instance": null,
                "key": undefined,
                "nodeType": "class",
                "props": Object {
                  "animation": "none",
                  "cancelable": false,
                  "color": "white",
                  "overlayColor": "rgba(0, 0, 0, 0.25)",
                  "size": "large",
                  "textContent": "",
                  "textStyle": Object {
                    "color": "#FFF",
                  },
                  "visible": false,
                },
                "ref": null,
                "rendered": null,
                "type": [Function],
              },
              "type": [Function],
            },
            Object {
              "instance": null,
              "key": undefined,
              "nodeType": "class",
              "props": Object {
                "children": Array [
                  <Text
                    accessible={true}
                    allowFontScaling={true}
                    ellipsizeMode="tail"
                    style={
                      Object {
                        "color": "rgba(0, 0, 0, 0.87)",
                        "fontSize": 20,
                        "fontWeight": "500",
                        "marginBottom": 20,
                      }
                    }
                  >
                    Universal basic income
                  </Text>,
                  <Text
                    accessible={true}
                    allowFontScaling={true}
                    ellipsizeMode="tail"
                    style={
                      Object {
                        "color": "rgba(0, 0, 0, 0.87)",
                        "fontSize": 14,
                        "lineHeight": 20,
                        "marginBottom": 15,
                      }
                    }
                  >
                    White paper blockchain technology node research and develop. Cryptographic modelling. Availability fairbnb cryptographic modelling data ontology pilot
                  </Text>,
                  <Text
                    accessible={true}
                    allowFontScaling={true}
                    ellipsizeMode="tail"
                    style={
                      Object {
                        "color": "rgba(0, 0, 0, 0.54)",
                        "fontSize": 12,
                      }
                    }
                  >
                    Closing: 28 October 2018
                  </Text>,
                ],
                "style": Object {
                  "alignSelf": "stretch",
                  "backgroundColor": "#FFF",
                  "margin": 16,
                  "padding": 10,
                },
              },
              "ref": null,
              "rendered": Array [
                Object {
                  "instance": null,
                  "key": undefined,
                  "nodeType": "class",
                  "props": Object {
                    "accessible": true,
                    "allowFontScaling": true,
                    "children": "Universal basic income",
                    "ellipsizeMode": "tail",
                    "style": Object {
                      "color": "rgba(0, 0, 0, 0.87)",
                      "fontSize": 20,
                      "fontWeight": "500",
                      "marginBottom": 20,
                    },
                  },
                  "ref": null,
                  "rendered": "Universal basic income",
                  "type": [Function],
                },
                Object {
                  "instance": null,
                  "key": undefined,
                  "nodeType": "class",
                  "props": Object {
                    "accessible": true,
                    "allowFontScaling": true,
                    "children": "White paper blockchain technology node research and develop. Cryptographic modelling. Availability fairbnb cryptographic modelling data ontology pilot",
                    "ellipsizeMode": "tail",
                    "style": Object {
                      "color": "rgba(0, 0, 0, 0.87)",
                      "fontSize": 14,
                      "lineHeight": 20,
                      "marginBottom": 15,
                    },
                  },
                  "ref": null,
                  "rendered": "White paper blockchain technology node research and develop. Cryptographic modelling. Availability fairbnb cryptographic modelling data ontology pilot",
                  "type": [Function],
                },
                Object {
                  "instance": null,
                  "key": undefined,
                  "nodeType": "class",
                  "props": Object {
                    "accessible": true,
                    "allowFontScaling": true,
                    "children": "Closing: 28 October 2018",
                    "ellipsizeMode": "tail",
                    "style": Object {
                      "color": "rgba(0, 0, 0, 0.54)",
                      "fontSize": 12,
                    },
                  },
                  "ref": null,
                  "rendered": "Closing: 28 October 2018",
                  "type": [Function],
                },
              ],
              "type": [Function],
            },
            Object {
              "instance": null,
              "key": undefined,
              "nodeType": "class",
              "props": Object {
                "accessible": true,
                "allowFontScaling": true,
                "children": "Your Information",
                "ellipsizeMode": "tail",
                "style": Object {
                  "fontSize": 20,
                  "fontWeight": "500",
                  "marginBottom": 10,
                  "marginLeft": 16,
                },
              },
              "ref": null,
              "rendered": "Your Information",
              "type": [Function],
            },
            Object {
              "instance": null,
              "key": undefined,
              "nodeType": "class",
              "props": Object {
                "buttonCallback": [Function],
                "isVerified": true,
              },
              "ref": null,
              "rendered": null,
              "type": [Function],
            },
            Object {
              "instance": null,
              "key": undefined,
              "nodeType": "class",
              "props": Object {
                "accessible": true,
                "allowFontScaling": true,
                "children": "*Required fields",
                "ellipsizeMode": "tail",
                "style": Object {
                  "fontSize": 12,
                  "marginLeft": 16,
                  "marginTop": 10,
                },
              },
              "ref": null,
              "rendered": "*Required fields",
              "type": [Function],
            },
          ],
          "type": [Function],
        },
        Object {
          "instance": null,
          "key": undefined,
          "nodeType": "function",
          "props": Object {
            "enabled": true,
            "onPress": [Function],
          },
          "ref": null,
          "rendered": null,
          "type": [Function],
        },
      ],
      "type": [Function],
    },
  ],
  Symbol(enzyme.__options__): Object {
    "adapter": ReactSixteenAdapter {
      "options": Object {
        "enableComponentDidUpdateOnSetState": true,
      },
    },
    "context": Object {
      "store": Object {
        "clearActions": [Function],
        "dispatch": [Function],
        "getActions": [Function],
        "getState": [Function],
        "replaceReducer": [Function],
        "subscribe": [Function],
      },
    },
  },
}
`;
