// Jest Snapshot v1, https://goo.gl/fbAQLP

exports[`renders Home component 1`] = `
ShallowWrapper {
  "length": 1,
  Symbol(enzyme.__root__): [Circular],
  Symbol(enzyme.__unrendered__): <Home
    goQRScannerIntro={[Function]}
    goToAuthorization={[Function]}
    initializeState={[Function]}
    petitionLink={undefined}
  />,
  Symbol(enzyme.__renderer__): Object {
    "batchedUpdates": [Function],
    "getNode": [Function],
    "render": [Function],
    "simulateEvent": [Function],
    "unmount": [Function],
  },
  Symbol(enzyme.__node__): Object {
    "instance": null,
    "key": undefined,
    "nodeType": "class",
    "props": Object {
      "children": Array [
        <Image
          source={1}
          style={
            Object {
              "height": 150,
              "marginBottom": 50,
              "marginTop": 75,
              "width": 300,
            }
          }
        />,
        <Text
          accessible={true}
          allowFontScaling={true}
          ellipsizeMode="tail"
          style={
            Object {
              "fontSize": 18,
              "marginBottom": 30,
            }
          }
        >
          Welcome, Jane Doe
        </Text>,
        <View
          style={
            Object {
              "borderBottomWidth": 1,
              "borderColor": "rgb(73,162,153)",
              "marginBottom": 20,
            }
          }
        >
          <TextInput
            allowFontScaling={true}
            placeholder="Password"
            secureTextEntry={true}
            style={
              Object {
                "height": 30,
                "width": 300,
              }
            }
            underlineColorAndroid="rgb(0,163,158)"
          />
        </View>,
        <Button
          enabled={true}
          name="LOG IN"
          onPress={[Function]}
          style={Object {}}
        />,
      ],
      "style": Object {
        "alignItems": "center",
        "backgroundColor": "#fff",
        "flex": 1,
      },
    },
    "ref": null,
    "rendered": Array [
      Object {
        "instance": null,
        "key": undefined,
        "nodeType": "class",
        "props": Object {
          "source": 1,
          "style": Object {
            "height": 150,
            "marginBottom": 50,
            "marginTop": 75,
            "width": 300,
          },
        },
        "ref": null,
        "rendered": null,
        "type": [Function],
      },
      Object {
        "instance": null,
        "key": undefined,
        "nodeType": "class",
        "props": Object {
          "accessible": true,
          "allowFontScaling": true,
          "children": "Welcome, Jane Doe",
          "ellipsizeMode": "tail",
          "style": Object {
            "fontSize": 18,
            "marginBottom": 30,
          },
        },
        "ref": null,
        "rendered": "Welcome, Jane Doe",
        "type": [Function],
      },
      Object {
        "instance": null,
        "key": undefined,
        "nodeType": "class",
        "props": Object {
          "children": <TextInput
            allowFontScaling={true}
            placeholder="Password"
            secureTextEntry={true}
            style={
              Object {
                "height": 30,
                "width": 300,
              }
            }
            underlineColorAndroid="rgb(0,163,158)"
          />,
          "style": Object {
            "borderBottomWidth": 1,
            "borderColor": "rgb(73,162,153)",
            "marginBottom": 20,
          },
        },
        "ref": null,
        "rendered": Object {
          "instance": null,
          "key": undefined,
          "nodeType": "class",
          "props": Object {
            "allowFontScaling": true,
            "placeholder": "Password",
            "secureTextEntry": true,
            "style": Object {
              "height": 30,
              "width": 300,
            },
            "underlineColorAndroid": "rgb(0,163,158)",
          },
          "ref": null,
          "rendered": null,
          "type": [Function],
        },
        "type": [Function],
      },
      Object {
        "instance": null,
        "key": undefined,
        "nodeType": "function",
        "props": Object {
          "enabled": true,
          "name": "LOG IN",
          "onPress": [Function],
          "style": Object {},
        },
        "ref": null,
        "rendered": null,
        "type": [Function],
      },
    ],
    "type": [Function],
  },
  Symbol(enzyme.__nodes__): Array [
    Object {
      "instance": null,
      "key": undefined,
      "nodeType": "class",
      "props": Object {
        "children": Array [
          <Image
            source={1}
            style={
              Object {
                "height": 150,
                "marginBottom": 50,
                "marginTop": 75,
                "width": 300,
              }
            }
          />,
          <Text
            accessible={true}
            allowFontScaling={true}
            ellipsizeMode="tail"
            style={
              Object {
                "fontSize": 18,
                "marginBottom": 30,
              }
            }
          >
            Welcome, Jane Doe
          </Text>,
          <View
            style={
              Object {
                "borderBottomWidth": 1,
                "borderColor": "rgb(73,162,153)",
                "marginBottom": 20,
              }
            }
          >
            <TextInput
              allowFontScaling={true}
              placeholder="Password"
              secureTextEntry={true}
              style={
                Object {
                  "height": 30,
                  "width": 300,
                }
              }
              underlineColorAndroid="rgb(0,163,158)"
            />
          </View>,
          <Button
            enabled={true}
            name="LOG IN"
            onPress={[Function]}
            style={Object {}}
          />,
        ],
        "style": Object {
          "alignItems": "center",
          "backgroundColor": "#fff",
          "flex": 1,
        },
      },
      "ref": null,
      "rendered": Array [
        Object {
          "instance": null,
          "key": undefined,
          "nodeType": "class",
          "props": Object {
            "source": 1,
            "style": Object {
              "height": 150,
              "marginBottom": 50,
              "marginTop": 75,
              "width": 300,
            },
          },
          "ref": null,
          "rendered": null,
          "type": [Function],
        },
        Object {
          "instance": null,
          "key": undefined,
          "nodeType": "class",
          "props": Object {
            "accessible": true,
            "allowFontScaling": true,
            "children": "Welcome, Jane Doe",
            "ellipsizeMode": "tail",
            "style": Object {
              "fontSize": 18,
              "marginBottom": 30,
            },
          },
          "ref": null,
          "rendered": "Welcome, Jane Doe",
          "type": [Function],
        },
        Object {
          "instance": null,
          "key": undefined,
          "nodeType": "class",
          "props": Object {
            "children": <TextInput
              allowFontScaling={true}
              placeholder="Password"
              secureTextEntry={true}
              style={
                Object {
                  "height": 30,
                  "width": 300,
                }
              }
              underlineColorAndroid="rgb(0,163,158)"
            />,
            "style": Object {
              "borderBottomWidth": 1,
              "borderColor": "rgb(73,162,153)",
              "marginBottom": 20,
            },
          },
          "ref": null,
          "rendered": Object {
            "instance": null,
            "key": undefined,
            "nodeType": "class",
            "props": Object {
              "allowFontScaling": true,
              "placeholder": "Password",
              "secureTextEntry": true,
              "style": Object {
                "height": 30,
                "width": 300,
              },
              "underlineColorAndroid": "rgb(0,163,158)",
            },
            "ref": null,
            "rendered": null,
            "type": [Function],
          },
          "type": [Function],
        },
        Object {
          "instance": null,
          "key": undefined,
          "nodeType": "function",
          "props": Object {
            "enabled": true,
            "name": "LOG IN",
            "onPress": [Function],
            "style": Object {},
          },
          "ref": null,
          "rendered": null,
          "type": [Function],
        },
      ],
      "type": [Function],
    },
  ],
  Symbol(enzyme.__options__): Object {
    "adapter": ReactSixteenAdapter {
      "options": Object {
        "enableComponentDidUpdateOnSetState": true,
      },
    },
    "context": Object {
      "store": Object {
        "clearActions": [Function],
        "dispatch": [Function],
        "getActions": [Function],
        "getState": [Function],
        "replaceReducer": [Function],
        "subscribe": [Function],
      },
    },
  },
}
`;
