// Jest Snapshot v1, https://goo.gl/fbAQLP

exports[`renders Authorisation component 1`] = `
<View
  style={
    Object {
      "backgroundColor": "rgb(246, 246, 246)",
      "flex": 1,
      "justifyContent": "space-between",
    }
  }
>
  <View
    style={
      Object {
        "alignSelf": "stretch",
        "backgroundColor": "#FFF",
        "margin": 16,
        "marginTop": 50,
        "paddingHorizontal": 20,
        "paddingVertical": 40,
      }
    }
  >
    <Text
      accessible={true}
      allowFontScaling={true}
      ellipsizeMode="tail"
      style={
        Object {
          "alignSelf": "center",
          "color": "rgb(203,73,45)",
          "fontFamily": "Lato-Bold",
          "fontSize": 25,
          "marginBottom": 40,
        }
      }
    >
      SECURE PETITIONS
    </Text>
    <Text
      accessible={true}
      allowFontScaling={true}
      ellipsizeMode="tail"
      style={
        Object {
          "marginBottom": 30,
          "paddingHorizontal": 10,
          "textAlign": "center",
        }
      }
    >
      would like to connect with your DECODE wallet
    </Text>
    <View
      accessibilityComponentType={undefined}
      accessibilityLabel={undefined}
      accessibilityTraits={undefined}
      accessible={true}
      collapsable={undefined}
      hitSlop={undefined}
      isTVSelectable={true}
      nativeID={undefined}
      onLayout={undefined}
      onResponderGrant={[Function]}
      onResponderMove={[Function]}
      onResponderRelease={[Function]}
      onResponderTerminate={[Function]}
      onResponderTerminationRequest={[Function]}
      onStartShouldSetResponder={[Function]}
      style={
        Object {
          "alignSelf": "center",
          "backgroundColor": "rgb(0,163,158)",
          "borderRadius": 2,
          "elevation": 2,
          "height": 36,
          "opacity": 1,
          "paddingHorizontal": 16,
          "paddingVertical": 8,
          "shadowColor": "rgba(0, 0, 0, 0.54)",
          "shadowOffset": Object {
            "height": 2,
            "width": 0,
          },
          "shadowOpacity": 0.8,
          "shadowRadius": 2,
          "width": 250,
        }
      }
      testID={undefined}
      tvParallaxProperties={undefined}
    >
      <Text
        accessible={true}
        allowFontScaling={true}
        ellipsizeMode="tail"
        style={
          Object {
            "alignSelf": "center",
            "color": "#FFF",
            "fontSize": 14,
            "fontWeight": "500",
          }
        }
      >
        AUTHORISE
      </Text>
    </View>
  </View>
  <Text
    accessible={true}
    allowFontScaling={true}
    ellipsizeMode="tail"
    style={
      Object {
        "alignSelf": "center",
        "color": "grey",
        "fontSize": 10,
        "marginBottom": 16,
      }
    }
  >
    Wallet ID: 
    default id
  </Text>
</View>
`;
